// Jest Snapshot v1, https://goo.gl/fbAQLP

exports[`renders without crashing 1`] = `
ShallowWrapper {
  "length": 1,
  Symbol(enzyme.__root__): [Circular],
  Symbol(enzyme.__unrendered__): <WatchBody
    deleteWatchClick={[Function]}
    stock_levels={
      Array [
        Object {
          "datetime": "test",
          "stock_level": 1,
        },
        Object {
          "datetime": "test",
          "stock_level": 1,
        },
      ]
    }
  />,
  Symbol(enzyme.__renderer__): Object {
    "batchedUpdates": [Function],
    "getNode": [Function],
    "render": [Function],
    "simulateEvent": [Function],
    "unmount": [Function],
  },
  Symbol(enzyme.__node__): Object {
    "instance": null,
    "key": null,
    "nodeType": "host",
    "props": Object {
      "children": Array [
        <Chart
          stock_levels={
            Array [
              Object {
                "datetime": "test",
                "stock_level": 1,
              },
              Object {
                "datetime": "test",
                "stock_level": 1,
              },
            ]
          }
        />,
        <button
          className="delete"
          onClick={[Function]}
        >
          <i
            aria-hidden="true"
            className="fa fa-times"
          />
        </button>,
      ],
      "className": "WatchBody",
    },
    "ref": null,
    "rendered": Array [
      Object {
        "instance": null,
        "key": null,
        "nodeType": "function",
        "props": Object {
          "stock_levels": Array [
            Object {
              "datetime": "test",
              "stock_level": 1,
            },
            Object {
              "datetime": "test",
              "stock_level": 1,
            },
          ],
        },
        "ref": null,
        "rendered": null,
        "type": [Function],
      },
      Object {
        "instance": null,
        "key": null,
        "nodeType": "host",
        "props": Object {
          "children": <i
            aria-hidden="true"
            className="fa fa-times"
          />,
          "className": "delete",
          "onClick": [Function],
        },
        "ref": null,
        "rendered": Object {
          "instance": null,
          "key": null,
          "nodeType": "host",
          "props": Object {
            "aria-hidden": "true",
            "className": "fa fa-times",
          },
          "ref": null,
          "rendered": null,
          "type": "i",
        },
        "type": "button",
      },
    ],
    "type": "div",
  },
  Symbol(enzyme.__nodes__): Array [
    Object {
      "instance": null,
      "key": null,
      "nodeType": "host",
      "props": Object {
        "children": Array [
          <Chart
            stock_levels={
              Array [
                Object {
                  "datetime": "test",
                  "stock_level": 1,
                },
                Object {
                  "datetime": "test",
                  "stock_level": 1,
                },
              ]
            }
          />,
          <button
            className="delete"
            onClick={[Function]}
          >
            <i
              aria-hidden="true"
              className="fa fa-times"
            />
          </button>,
        ],
        "className": "WatchBody",
      },
      "ref": null,
      "rendered": Array [
        Object {
          "instance": null,
          "key": null,
          "nodeType": "function",
          "props": Object {
            "stock_levels": Array [
              Object {
                "datetime": "test",
                "stock_level": 1,
              },
              Object {
                "datetime": "test",
                "stock_level": 1,
              },
            ],
          },
          "ref": null,
          "rendered": null,
          "type": [Function],
        },
        Object {
          "instance": null,
          "key": null,
          "nodeType": "host",
          "props": Object {
            "children": <i
              aria-hidden="true"
              className="fa fa-times"
            />,
            "className": "delete",
            "onClick": [Function],
          },
          "ref": null,
          "rendered": Object {
            "instance": null,
            "key": null,
            "nodeType": "host",
            "props": Object {
              "aria-hidden": "true",
              "className": "fa fa-times",
            },
            "ref": null,
            "rendered": null,
            "type": "i",
          },
          "type": "button",
        },
      ],
      "type": "div",
    },
  ],
  Symbol(enzyme.__options__): Object {
    "adapter": ReactSixteenAdapter {
      "options": Object {
        "enableComponentDidUpdateOnSetState": true,
      },
    },
  },
}
`;
