// Jest Snapshot v1, https://goo.gl/fbAQLP

exports[`renders without crashing 1`] = `
ShallowWrapper {
  "length": 1,
  Symbol(enzyme.__root__): [Circular],
  Symbol(enzyme.__unrendered__): <AddWatchModal
    close={[Function]}
    dispatch={[Function]}
    open={true}
  />,
  Symbol(enzyme.__renderer__): Object {
    "batchedUpdates": [Function],
    "getNode": [Function],
    "render": [Function],
    "simulateEvent": [Function],
    "unmount": [Function],
  },
  Symbol(enzyme.__node__): Object {
    "instance": null,
    "key": null,
    "nodeType": "class",
    "props": Object {
      "ariaHideApp": true,
      "bodyOpenClassName": "ReactModal__Body--open",
      "children": <div
        className="AddWatchModalContent"
      >
        <form
          onSubmit={[Function]}
        >
          <header>
            Lego ID:
          </header>
          <Examples
            click={[Function]}
          />
          <input
            onChange={[Function]}
            placeholder={75105}
            type="text"
            value=""
          />
          
        </form>
        
      </div>,
      "className": "AddWatchModal",
      "closeTimeoutMS": 0,
      "contentLabel": "Add New Watch",
      "isOpen": true,
      "onRequestClose": [Function],
      "overlayClassName": "Overlay",
      "parentSelector": [Function],
      "portalClassName": "ReactModalPortal",
      "role": "dialog",
      "shouldCloseOnEsc": true,
      "shouldCloseOnOverlayClick": true,
      "shouldFocusAfterRender": true,
      "shouldReturnFocusAfterClose": true,
    },
    "ref": null,
    "rendered": Object {
      "instance": null,
      "key": null,
      "nodeType": "host",
      "props": Object {
        "children": Array [
          <form
            onSubmit={[Function]}
          >
            <header>
              Lego ID:
            </header>
            <Examples
              click={[Function]}
            />
            <input
              onChange={[Function]}
              placeholder={75105}
              type="text"
              value=""
            />
            
          </form>,
          "",
        ],
        "className": "AddWatchModalContent",
      },
      "ref": null,
      "rendered": Array [
        Object {
          "instance": null,
          "key": null,
          "nodeType": "host",
          "props": Object {
            "children": Array [
              <header>
                Lego ID:
              </header>,
              <Examples
                click={[Function]}
              />,
              <input
                onChange={[Function]}
                placeholder={75105}
                type="text"
                value=""
              />,
              "",
            ],
            "onSubmit": [Function],
          },
          "ref": null,
          "rendered": Array [
            Object {
              "instance": null,
              "key": null,
              "nodeType": "host",
              "props": Object {
                "children": "Lego ID:",
              },
              "ref": null,
              "rendered": "Lego ID:",
              "type": "header",
            },
            Object {
              "instance": null,
              "key": null,
              "nodeType": "function",
              "props": Object {
                "click": [Function],
              },
              "ref": null,
              "rendered": null,
              "type": [Function],
            },
            Object {
              "instance": null,
              "key": null,
              "nodeType": "host",
              "props": Object {
                "onChange": [Function],
                "placeholder": 75105,
                "type": "text",
                "value": "",
              },
              "ref": null,
              "rendered": null,
              "type": "input",
            },
            "",
          ],
          "type": "form",
        },
        "",
      ],
      "type": "div",
    },
    "type": [Function],
  },
  Symbol(enzyme.__nodes__): Array [
    Object {
      "instance": null,
      "key": null,
      "nodeType": "class",
      "props": Object {
        "ariaHideApp": true,
        "bodyOpenClassName": "ReactModal__Body--open",
        "children": <div
          className="AddWatchModalContent"
        >
          <form
            onSubmit={[Function]}
          >
            <header>
              Lego ID:
            </header>
            <Examples
              click={[Function]}
            />
            <input
              onChange={[Function]}
              placeholder={75105}
              type="text"
              value=""
            />
            
          </form>
          
        </div>,
        "className": "AddWatchModal",
        "closeTimeoutMS": 0,
        "contentLabel": "Add New Watch",
        "isOpen": true,
        "onRequestClose": [Function],
        "overlayClassName": "Overlay",
        "parentSelector": [Function],
        "portalClassName": "ReactModalPortal",
        "role": "dialog",
        "shouldCloseOnEsc": true,
        "shouldCloseOnOverlayClick": true,
        "shouldFocusAfterRender": true,
        "shouldReturnFocusAfterClose": true,
      },
      "ref": null,
      "rendered": Object {
        "instance": null,
        "key": null,
        "nodeType": "host",
        "props": Object {
          "children": Array [
            <form
              onSubmit={[Function]}
            >
              <header>
                Lego ID:
              </header>
              <Examples
                click={[Function]}
              />
              <input
                onChange={[Function]}
                placeholder={75105}
                type="text"
                value=""
              />
              
            </form>,
            "",
          ],
          "className": "AddWatchModalContent",
        },
        "ref": null,
        "rendered": Array [
          Object {
            "instance": null,
            "key": null,
            "nodeType": "host",
            "props": Object {
              "children": Array [
                <header>
                  Lego ID:
                </header>,
                <Examples
                  click={[Function]}
                />,
                <input
                  onChange={[Function]}
                  placeholder={75105}
                  type="text"
                  value=""
                />,
                "",
              ],
              "onSubmit": [Function],
            },
            "ref": null,
            "rendered": Array [
              Object {
                "instance": null,
                "key": null,
                "nodeType": "host",
                "props": Object {
                  "children": "Lego ID:",
                },
                "ref": null,
                "rendered": "Lego ID:",
                "type": "header",
              },
              Object {
                "instance": null,
                "key": null,
                "nodeType": "function",
                "props": Object {
                  "click": [Function],
                },
                "ref": null,
                "rendered": null,
                "type": [Function],
              },
              Object {
                "instance": null,
                "key": null,
                "nodeType": "host",
                "props": Object {
                  "onChange": [Function],
                  "placeholder": 75105,
                  "type": "text",
                  "value": "",
                },
                "ref": null,
                "rendered": null,
                "type": "input",
              },
              "",
            ],
            "type": "form",
          },
          "",
        ],
        "type": "div",
      },
      "type": [Function],
    },
  ],
  Symbol(enzyme.__options__): Object {
    "adapter": ReactSixteenAdapter {
      "options": Object {
        "enableComponentDidUpdateOnSetState": true,
      },
    },
  },
}
`;
