// Jest Snapshot v1, https://goo.gl/fbAQLP

exports[`renders without crashing 1`] = `
ShallowWrapper {
  "length": 1,
  Symbol(enzyme.__root__): [Circular],
  Symbol(enzyme.__unrendered__): <Examples
    click={[Function]}
  />,
  Symbol(enzyme.__renderer__): Object {
    "batchedUpdates": [Function],
    "getNode": [Function],
    "render": [Function],
    "simulateEvent": [Function],
    "unmount": [Function],
  },
  Symbol(enzyme.__node__): Object {
    "instance": null,
    "key": null,
    "nodeType": "host",
    "props": Object {
      "children": Array [
        <styled.h4>
          Examples (click to test out):
        </styled.h4>,
        <styled.ul>
          <li>
            <styled.button
              data-id={75105}
              onClick={[Function]}
            >
              75105 - Star Wars Millenium Falcon
            </styled.button>
          </li>
          <li>
            <styled.button
              data-id={21029}
              onClick={[Function]}
            >
              21029 - Architecture Buckingham Palace
            </styled.button>
          </li>
          <li>
            <styled.button
              data-id={10232}
              onClick={[Function]}
            >
              10232 - Modular Buildings Palace Cinema
            </styled.button>
          </li>
          <li>
            <styled.button
              data-id={10217}
              onClick={[Function]}
            >
              10217 - Harry Potter Diagon Alley
            </styled.button>
          </li>
        </styled.ul>,
      ],
      "className": "Examples",
    },
    "ref": null,
    "rendered": Array [
      Object {
        "instance": null,
        "key": null,
        "nodeType": "class",
        "props": Object {
          "children": "Examples (click to test out):",
        },
        "ref": null,
        "rendered": "Examples (click to test out):",
        "type": [Function],
      },
      Object {
        "instance": null,
        "key": null,
        "nodeType": "class",
        "props": Object {
          "children": Array [
            <li>
              <styled.button
                data-id={75105}
                onClick={[Function]}
              >
                75105 - Star Wars Millenium Falcon
              </styled.button>
            </li>,
            <li>
              <styled.button
                data-id={21029}
                onClick={[Function]}
              >
                21029 - Architecture Buckingham Palace
              </styled.button>
            </li>,
            <li>
              <styled.button
                data-id={10232}
                onClick={[Function]}
              >
                10232 - Modular Buildings Palace Cinema
              </styled.button>
            </li>,
            <li>
              <styled.button
                data-id={10217}
                onClick={[Function]}
              >
                10217 - Harry Potter Diagon Alley
              </styled.button>
            </li>,
          ],
        },
        "ref": null,
        "rendered": Array [
          Object {
            "instance": null,
            "key": "75105",
            "nodeType": "host",
            "props": Object {
              "children": <styled.button
                data-id={75105}
                onClick={[Function]}
              >
                75105 - Star Wars Millenium Falcon
              </styled.button>,
            },
            "ref": null,
            "rendered": Object {
              "instance": null,
              "key": null,
              "nodeType": "class",
              "props": Object {
                "children": "75105 - Star Wars Millenium Falcon",
                "data-id": 75105,
                "onClick": [Function],
              },
              "ref": null,
              "rendered": "75105 - Star Wars Millenium Falcon",
              "type": [Function],
            },
            "type": "li",
          },
          Object {
            "instance": null,
            "key": "21029",
            "nodeType": "host",
            "props": Object {
              "children": <styled.button
                data-id={21029}
                onClick={[Function]}
              >
                21029 - Architecture Buckingham Palace
              </styled.button>,
            },
            "ref": null,
            "rendered": Object {
              "instance": null,
              "key": null,
              "nodeType": "class",
              "props": Object {
                "children": "21029 - Architecture Buckingham Palace",
                "data-id": 21029,
                "onClick": [Function],
              },
              "ref": null,
              "rendered": "21029 - Architecture Buckingham Palace",
              "type": [Function],
            },
            "type": "li",
          },
          Object {
            "instance": null,
            "key": "10232",
            "nodeType": "host",
            "props": Object {
              "children": <styled.button
                data-id={10232}
                onClick={[Function]}
              >
                10232 - Modular Buildings Palace Cinema
              </styled.button>,
            },
            "ref": null,
            "rendered": Object {
              "instance": null,
              "key": null,
              "nodeType": "class",
              "props": Object {
                "children": "10232 - Modular Buildings Palace Cinema",
                "data-id": 10232,
                "onClick": [Function],
              },
              "ref": null,
              "rendered": "10232 - Modular Buildings Palace Cinema",
              "type": [Function],
            },
            "type": "li",
          },
          Object {
            "instance": null,
            "key": "10217",
            "nodeType": "host",
            "props": Object {
              "children": <styled.button
                data-id={10217}
                onClick={[Function]}
              >
                10217 - Harry Potter Diagon Alley
              </styled.button>,
            },
            "ref": null,
            "rendered": Object {
              "instance": null,
              "key": null,
              "nodeType": "class",
              "props": Object {
                "children": "10217 - Harry Potter Diagon Alley",
                "data-id": 10217,
                "onClick": [Function],
              },
              "ref": null,
              "rendered": "10217 - Harry Potter Diagon Alley",
              "type": [Function],
            },
            "type": "li",
          },
        ],
        "type": [Function],
      },
    ],
    "type": "div",
  },
  Symbol(enzyme.__nodes__): Array [
    Object {
      "instance": null,
      "key": null,
      "nodeType": "host",
      "props": Object {
        "children": Array [
          <styled.h4>
            Examples (click to test out):
          </styled.h4>,
          <styled.ul>
            <li>
              <styled.button
                data-id={75105}
                onClick={[Function]}
              >
                75105 - Star Wars Millenium Falcon
              </styled.button>
            </li>
            <li>
              <styled.button
                data-id={21029}
                onClick={[Function]}
              >
                21029 - Architecture Buckingham Palace
              </styled.button>
            </li>
            <li>
              <styled.button
                data-id={10232}
                onClick={[Function]}
              >
                10232 - Modular Buildings Palace Cinema
              </styled.button>
            </li>
            <li>
              <styled.button
                data-id={10217}
                onClick={[Function]}
              >
                10217 - Harry Potter Diagon Alley
              </styled.button>
            </li>
          </styled.ul>,
        ],
        "className": "Examples",
      },
      "ref": null,
      "rendered": Array [
        Object {
          "instance": null,
          "key": null,
          "nodeType": "class",
          "props": Object {
            "children": "Examples (click to test out):",
          },
          "ref": null,
          "rendered": "Examples (click to test out):",
          "type": [Function],
        },
        Object {
          "instance": null,
          "key": null,
          "nodeType": "class",
          "props": Object {
            "children": Array [
              <li>
                <styled.button
                  data-id={75105}
                  onClick={[Function]}
                >
                  75105 - Star Wars Millenium Falcon
                </styled.button>
              </li>,
              <li>
                <styled.button
                  data-id={21029}
                  onClick={[Function]}
                >
                  21029 - Architecture Buckingham Palace
                </styled.button>
              </li>,
              <li>
                <styled.button
                  data-id={10232}
                  onClick={[Function]}
                >
                  10232 - Modular Buildings Palace Cinema
                </styled.button>
              </li>,
              <li>
                <styled.button
                  data-id={10217}
                  onClick={[Function]}
                >
                  10217 - Harry Potter Diagon Alley
                </styled.button>
              </li>,
            ],
          },
          "ref": null,
          "rendered": Array [
            Object {
              "instance": null,
              "key": "75105",
              "nodeType": "host",
              "props": Object {
                "children": <styled.button
                  data-id={75105}
                  onClick={[Function]}
                >
                  75105 - Star Wars Millenium Falcon
                </styled.button>,
              },
              "ref": null,
              "rendered": Object {
                "instance": null,
                "key": null,
                "nodeType": "class",
                "props": Object {
                  "children": "75105 - Star Wars Millenium Falcon",
                  "data-id": 75105,
                  "onClick": [Function],
                },
                "ref": null,
                "rendered": "75105 - Star Wars Millenium Falcon",
                "type": [Function],
              },
              "type": "li",
            },
            Object {
              "instance": null,
              "key": "21029",
              "nodeType": "host",
              "props": Object {
                "children": <styled.button
                  data-id={21029}
                  onClick={[Function]}
                >
                  21029 - Architecture Buckingham Palace
                </styled.button>,
              },
              "ref": null,
              "rendered": Object {
                "instance": null,
                "key": null,
                "nodeType": "class",
                "props": Object {
                  "children": "21029 - Architecture Buckingham Palace",
                  "data-id": 21029,
                  "onClick": [Function],
                },
                "ref": null,
                "rendered": "21029 - Architecture Buckingham Palace",
                "type": [Function],
              },
              "type": "li",
            },
            Object {
              "instance": null,
              "key": "10232",
              "nodeType": "host",
              "props": Object {
                "children": <styled.button
                  data-id={10232}
                  onClick={[Function]}
                >
                  10232 - Modular Buildings Palace Cinema
                </styled.button>,
              },
              "ref": null,
              "rendered": Object {
                "instance": null,
                "key": null,
                "nodeType": "class",
                "props": Object {
                  "children": "10232 - Modular Buildings Palace Cinema",
                  "data-id": 10232,
                  "onClick": [Function],
                },
                "ref": null,
                "rendered": "10232 - Modular Buildings Palace Cinema",
                "type": [Function],
              },
              "type": "li",
            },
            Object {
              "instance": null,
              "key": "10217",
              "nodeType": "host",
              "props": Object {
                "children": <styled.button
                  data-id={10217}
                  onClick={[Function]}
                >
                  10217 - Harry Potter Diagon Alley
                </styled.button>,
              },
              "ref": null,
              "rendered": Object {
                "instance": null,
                "key": null,
                "nodeType": "class",
                "props": Object {
                  "children": "10217 - Harry Potter Diagon Alley",
                  "data-id": 10217,
                  "onClick": [Function],
                },
                "ref": null,
                "rendered": "10217 - Harry Potter Diagon Alley",
                "type": [Function],
              },
              "type": "li",
            },
          ],
          "type": [Function],
        },
      ],
      "type": "div",
    },
  ],
  Symbol(enzyme.__options__): Object {
    "adapter": ReactSixteenAdapter {
      "options": Object {
        "enableComponentDidUpdateOnSetState": true,
      },
    },
  },
}
`;
