// Jest Snapshot v1, https://goo.gl/fbAQLP

exports[`renders without crashing 1`] = `
ShallowWrapper {
  "length": 1,
  Symbol(enzyme.__root__): [Circular],
  Symbol(enzyme.__unrendered__): <SearchResult
    legoset={
      Object {
        "id": 0,
        "image": "test",
        "title": "Test",
        "url": "test",
      }
    }
    onClick={[Function]}
  />,
  Symbol(enzyme.__renderer__): Object {
    "batchedUpdates": [Function],
    "getNode": [Function],
    "render": [Function],
    "simulateEvent": [Function],
    "unmount": [Function],
  },
  Symbol(enzyme.__node__): Object {
    "instance": null,
    "key": null,
    "nodeType": "host",
    "props": Object {
      "children": Array [
        <a
          href="test"
          rel="noopener noreferrer"
          target="_blank"
        >
          <img
            alt="Test"
            src="test"
          />
        </a>,
        <p
          className="link"
        >
          <a
            href="test"
            rel="noopener noreferrer"
            target="_blank"
          >
            Test
          </a>
        </p>,
        <button
          onClick={[Function]}
        >
          Add
        </button>,
      ],
      "className": "SearchResult",
    },
    "ref": null,
    "rendered": Array [
      Object {
        "instance": null,
        "key": null,
        "nodeType": "host",
        "props": Object {
          "children": <img
            alt="Test"
            src="test"
          />,
          "href": "test",
          "rel": "noopener noreferrer",
          "target": "_blank",
        },
        "ref": null,
        "rendered": Object {
          "instance": null,
          "key": null,
          "nodeType": "host",
          "props": Object {
            "alt": "Test",
            "src": "test",
          },
          "ref": null,
          "rendered": null,
          "type": "img",
        },
        "type": "a",
      },
      Object {
        "instance": null,
        "key": null,
        "nodeType": "host",
        "props": Object {
          "children": <a
            href="test"
            rel="noopener noreferrer"
            target="_blank"
          >
            Test
          </a>,
          "className": "link",
        },
        "ref": null,
        "rendered": Object {
          "instance": null,
          "key": null,
          "nodeType": "host",
          "props": Object {
            "children": "Test",
            "href": "test",
            "rel": "noopener noreferrer",
            "target": "_blank",
          },
          "ref": null,
          "rendered": "Test",
          "type": "a",
        },
        "type": "p",
      },
      Object {
        "instance": null,
        "key": null,
        "nodeType": "host",
        "props": Object {
          "children": "Add",
          "onClick": [Function],
        },
        "ref": null,
        "rendered": "Add",
        "type": "button",
      },
    ],
    "type": "div",
  },
  Symbol(enzyme.__nodes__): Array [
    Object {
      "instance": null,
      "key": null,
      "nodeType": "host",
      "props": Object {
        "children": Array [
          <a
            href="test"
            rel="noopener noreferrer"
            target="_blank"
          >
            <img
              alt="Test"
              src="test"
            />
          </a>,
          <p
            className="link"
          >
            <a
              href="test"
              rel="noopener noreferrer"
              target="_blank"
            >
              Test
            </a>
          </p>,
          <button
            onClick={[Function]}
          >
            Add
          </button>,
        ],
        "className": "SearchResult",
      },
      "ref": null,
      "rendered": Array [
        Object {
          "instance": null,
          "key": null,
          "nodeType": "host",
          "props": Object {
            "children": <img
              alt="Test"
              src="test"
            />,
            "href": "test",
            "rel": "noopener noreferrer",
            "target": "_blank",
          },
          "ref": null,
          "rendered": Object {
            "instance": null,
            "key": null,
            "nodeType": "host",
            "props": Object {
              "alt": "Test",
              "src": "test",
            },
            "ref": null,
            "rendered": null,
            "type": "img",
          },
          "type": "a",
        },
        Object {
          "instance": null,
          "key": null,
          "nodeType": "host",
          "props": Object {
            "children": <a
              href="test"
              rel="noopener noreferrer"
              target="_blank"
            >
              Test
            </a>,
            "className": "link",
          },
          "ref": null,
          "rendered": Object {
            "instance": null,
            "key": null,
            "nodeType": "host",
            "props": Object {
              "children": "Test",
              "href": "test",
              "rel": "noopener noreferrer",
              "target": "_blank",
            },
            "ref": null,
            "rendered": "Test",
            "type": "a",
          },
          "type": "p",
        },
        Object {
          "instance": null,
          "key": null,
          "nodeType": "host",
          "props": Object {
            "children": "Add",
            "onClick": [Function],
          },
          "ref": null,
          "rendered": "Add",
          "type": "button",
        },
      ],
      "type": "div",
    },
  ],
  Symbol(enzyme.__options__): Object {
    "adapter": ReactSixteenAdapter {
      "options": Object {
        "enableComponentDidUpdateOnSetState": true,
      },
    },
  },
}
`;
