// Jest Snapshot v1, https://goo.gl/fbAQLP

exports[`renders without crashing 1`] = `
ShallowWrapper {
  "length": 1,
  Symbol(enzyme.__root__): [Circular],
  Symbol(enzyme.__unrendered__): <Login
    dispatch={[Function]}
  />,
  Symbol(enzyme.__renderer__): Object {
    "batchedUpdates": [Function],
    "getNode": [Function],
    "render": [Function],
    "simulateEvent": [Function],
    "unmount": [Function],
  },
  Symbol(enzyme.__node__): Object {
    "instance": null,
    "key": null,
    "nodeType": "host",
    "props": Object {
      "children": <img
        alt="Login with Amazon"
        height="32"
        src="https://images-na.ssl-images-amazon.com/images/G/01/lwa/btnLWA_gold_156x32.png"
        width="156"
      />,
      "id": "LoginWithAmazon",
      "onClick": [Function],
    },
    "ref": null,
    "rendered": Object {
      "instance": null,
      "key": null,
      "nodeType": "host",
      "props": Object {
        "alt": "Login with Amazon",
        "height": "32",
        "src": "https://images-na.ssl-images-amazon.com/images/G/01/lwa/btnLWA_gold_156x32.png",
        "width": "156",
      },
      "ref": null,
      "rendered": null,
      "type": "img",
    },
    "type": "button",
  },
  Symbol(enzyme.__nodes__): Array [
    Object {
      "instance": null,
      "key": null,
      "nodeType": "host",
      "props": Object {
        "children": <img
          alt="Login with Amazon"
          height="32"
          src="https://images-na.ssl-images-amazon.com/images/G/01/lwa/btnLWA_gold_156x32.png"
          width="156"
        />,
        "id": "LoginWithAmazon",
        "onClick": [Function],
      },
      "ref": null,
      "rendered": Object {
        "instance": null,
        "key": null,
        "nodeType": "host",
        "props": Object {
          "alt": "Login with Amazon",
          "height": "32",
          "src": "https://images-na.ssl-images-amazon.com/images/G/01/lwa/btnLWA_gold_156x32.png",
          "width": "156",
        },
        "ref": null,
        "rendered": null,
        "type": "img",
      },
      "type": "button",
    },
  ],
  Symbol(enzyme.__options__): Object {
    "adapter": ReactSixteenAdapter {
      "options": Object {
        "enableComponentDidUpdateOnSetState": true,
      },
    },
  },
}
`;
