// Jest Snapshot v1, https://goo.gl/fbAQLP

exports[`renders without crashing 1`] = `
ShallowWrapper {
  "length": 1,
  Symbol(enzyme.__root__): [Circular],
  Symbol(enzyme.__unrendered__): <Watch
    dispatch={[Function]}
  />,
  Symbol(enzyme.__renderer__): Object {
    "batchedUpdates": [Function],
    "getNode": [Function],
    "render": [Function],
    "simulateEvent": [Function],
    "unmount": [Function],
  },
  Symbol(enzyme.__node__): Object {
    "instance": null,
    "key": null,
    "nodeType": "host",
    "props": Object {
      "children": Array [
        <WatchHeader
          watch={undefined}
        />,
        <div />,
        <WatchFooter
          click={[Function]}
          collapsed={true}
        />,
      ],
      "className": "Watch",
    },
    "ref": null,
    "rendered": Array [
      Object {
        "instance": null,
        "key": null,
        "nodeType": "function",
        "props": Object {
          "watch": undefined,
        },
        "ref": null,
        "rendered": null,
        "type": [Function],
      },
      Object {
        "instance": null,
        "key": null,
        "nodeType": "host",
        "props": Object {},
        "ref": null,
        "rendered": null,
        "type": "div",
      },
      Object {
        "instance": null,
        "key": null,
        "nodeType": "function",
        "props": Object {
          "click": [Function],
          "collapsed": true,
        },
        "ref": null,
        "rendered": null,
        "type": [Function],
      },
    ],
    "type": "div",
  },
  Symbol(enzyme.__nodes__): Array [
    Object {
      "instance": null,
      "key": null,
      "nodeType": "host",
      "props": Object {
        "children": Array [
          <WatchHeader
            watch={undefined}
          />,
          <div />,
          <WatchFooter
            click={[Function]}
            collapsed={true}
          />,
        ],
        "className": "Watch",
      },
      "ref": null,
      "rendered": Array [
        Object {
          "instance": null,
          "key": null,
          "nodeType": "function",
          "props": Object {
            "watch": undefined,
          },
          "ref": null,
          "rendered": null,
          "type": [Function],
        },
        Object {
          "instance": null,
          "key": null,
          "nodeType": "host",
          "props": Object {},
          "ref": null,
          "rendered": null,
          "type": "div",
        },
        Object {
          "instance": null,
          "key": null,
          "nodeType": "function",
          "props": Object {
            "click": [Function],
            "collapsed": true,
          },
          "ref": null,
          "rendered": null,
          "type": [Function],
        },
      ],
      "type": "div",
    },
  ],
  Symbol(enzyme.__options__): Object {
    "adapter": ReactSixteenAdapter {
      "options": Object {
        "enableComponentDidUpdateOnSetState": true,
      },
    },
  },
}
`;
