// Jest Snapshot v1, https://goo.gl/fbAQLP

exports[`renders without crashing 1`] = `
ShallowWrapper {
  "length": 1,
  Symbol(enzyme.__root__): [Circular],
  Symbol(enzyme.__unrendered__): <CollapsedWatch
    watch={
      Object {
        "currentStock": 0,
        "image": "test",
        "title": "test",
        "url": "test",
      }
    }
  />,
  Symbol(enzyme.__renderer__): Object {
    "batchedUpdates": [Function],
    "getNode": [Function],
    "render": [Function],
    "simulateEvent": [Function],
    "unmount": [Function],
  },
  Symbol(enzyme.__node__): Object {
    "instance": null,
    "key": null,
    "nodeType": "host",
    "props": Object {
      "children": Array [
        <a
          href={undefined}
          rel="noopener noreferrer"
          target="_blank"
          title={undefined}
        >
          <img
            alt={undefined}
            src={undefined}
          />
        </a>,
        undefined,
        "Sets: ",
        undefined,
      ],
      "className": "CollapsedWatch",
    },
    "ref": null,
    "rendered": Array [
      Object {
        "instance": null,
        "key": null,
        "nodeType": "host",
        "props": Object {
          "children": <img
            alt={undefined}
            src={undefined}
          />,
          "href": undefined,
          "rel": "noopener noreferrer",
          "target": "_blank",
          "title": undefined,
        },
        "ref": null,
        "rendered": Object {
          "instance": null,
          "key": null,
          "nodeType": "host",
          "props": Object {
            "alt": undefined,
            "src": undefined,
          },
          "ref": null,
          "rendered": null,
          "type": "img",
        },
        "type": "a",
      },
      undefined,
      "Sets: ",
      undefined,
    ],
    "type": "div",
  },
  Symbol(enzyme.__nodes__): Array [
    Object {
      "instance": null,
      "key": null,
      "nodeType": "host",
      "props": Object {
        "children": Array [
          <a
            href={undefined}
            rel="noopener noreferrer"
            target="_blank"
            title={undefined}
          >
            <img
              alt={undefined}
              src={undefined}
            />
          </a>,
          undefined,
          "Sets: ",
          undefined,
        ],
        "className": "CollapsedWatch",
      },
      "ref": null,
      "rendered": Array [
        Object {
          "instance": null,
          "key": null,
          "nodeType": "host",
          "props": Object {
            "children": <img
              alt={undefined}
              src={undefined}
            />,
            "href": undefined,
            "rel": "noopener noreferrer",
            "target": "_blank",
            "title": undefined,
          },
          "ref": null,
          "rendered": Object {
            "instance": null,
            "key": null,
            "nodeType": "host",
            "props": Object {
              "alt": undefined,
              "src": undefined,
            },
            "ref": null,
            "rendered": null,
            "type": "img",
          },
          "type": "a",
        },
        undefined,
        "Sets: ",
        undefined,
      ],
      "type": "div",
    },
  ],
  Symbol(enzyme.__options__): Object {
    "adapter": ReactSixteenAdapter {
      "options": Object {
        "enableComponentDidUpdateOnSetState": true,
      },
    },
  },
}
`;
